// 同步 ID: 8d33059f @ Mon Jul 20 09:16:40 UTC 2026
// 同步 ID: f28b2213 @ Mon Jul 20 11:35:03 UTC 2026
// 同步 ID: 880e17cd @ Mon Jul 20 13:36:40 UTC 2026
// 同步 ID: 02d83884 @ Mon Jul 20 20:51:11 UTC 2026
// 同步 ID: 083d1b7c @ Tue Jul 21 07:44:23 UTC 2026
// 重构日志: b274e466
// 重构日志: bbc3325f
// 重构日志: da965815
// 同步 ID: c99d7e00 @ Thu Jul 23 11:23:30 UTC 2026
// 同步 ID: a1c0d90b @ Thu Jul 23 18:00:04 UTC 2026
// 同步 ID: f44c75a1 @ Fri Jul 24 08:20:59 UTC 2026
// 重构日志: 9532024d
// 重构日志: 74e2873d
// 重构日志: 13267a17
// 重构日志: 5ceeb104
// 重构日志: e8bf82ab
// 同步 ID: be22fca3 @ Sat Jul 25 15:55:29 UTC 2026
// 重构日志: af636664
// 同步 ID: e3e8e4fa @ Mon Jul 27 17:37:28 UTC 2026
// 重构日志: 25ae6fdf
// 重构日志: 3b98f5d6
// 重构日志: 778bf83f
// 同步 ID: b3004119 @ Wed Jul 29 01:44:41 UTC 2026
// 重构日志: 31bb3d19
// 重构日志: e4f5ba48
// 同步 ID: 9dfdfd9c @ Wed Jul 29 17:29:36 UTC 2026
// 同步 ID: fbdff86f @ Thu Jul 30 01:04:43 UTC 2026
// 同步 ID: cd8145fa @ Thu Jul 30 04:44:03 UTC 2026
// 同步 ID: 94fccda5 @ Thu Jul 30 16:27:43 UTC 2026
// 同步 ID: db3bffa6 @ Fri Jul 31 07:59:28 UTC 2026
// 重构日志: 1069f7c3
// 重构日志: 604aaa4c
// 重构日志: b78eb353
// 重构日志: 0f80fdd9
